[2022-10-20 01:11:32] Copy files
[2022-10-20 01:11:32] From directory: violentmonkey/backups/violentmonkey_2022-10-20_00.33.08
-------------------------------------
 myplace.dialog.user.js
 myplace.imagesalbum.user.js
 myplace.jquery.user.js
 myplace.magnet.user.js
 myplace.navigator.user.js
 myplace.panel.user.js
 myplace.relilnk.user.js
 myplace.user.js
 myplace.utils.formfiller.user.js
 myplace.utils.prevnext.user.js
 weibo_utils.user.js


[2022-11-01 13:02:12] Copy files
[2022-11-01 13:02:12] From directory: violentmonkey/backups/violentmonkey_2022-11-01_12.57.12
-------------------------------------
 Bilibili Evolved.user.js
 myplace.dialog.user.js
 myplace.douyin.user.js
 myplace.imagesalbum.user.js
 myplace.jquery.user.js
 myplace.magnet.user.js
 myplace.mod.google.user.js
 myplace.navigator.user.js
 myplace.notie.user.js
 myplace.panel.user.js
 myplace.relilnk.user.js
 myplace.user.js
 myplace.utils.prevnext.user.js
 myplace.utils.showbookmark.user.js
 myplace.weibo.user.js


